
============================================================
  Run started: 2026-08-22 20:04:43
============================================================
Version identifier: 22.2.0.0 | 2026-05-04 | 5dff98e58
CPXPARAM_Read_DataCheck                          1
CPXPARAM_MIP_Strategy_File                       2
CPXPARAM_Emphasis_MIP                            1
CPXPARAM_MIP_Strategy_FPHeur                     1
CPXPARAM_MIP_Strategy_HeuristicFreq              5
CPXPARAM_TimeLimit                               39600
CPXPARAM_WorkMem                                 8192
CPXPARAM_MIP_Tolerances_AbsMIPGap                0
CPXPARAM_MIP_Tolerances_MIPGap                   0.050000000000000003
Legacy callback                                  i
Tried aggregator 2 times.
MIP Presolve eliminated 145 rows and 83 columns.
MIP Presolve modified 108 coefficients.
Aggregator did 7 substitutions.
Reduced MIP has 68 rows, 47 columns, and 198 nonzeros.
Reduced MIP has 16 binaries, 0 generals, 0 SOSs, and 0 indicators.
Presolve time = 0.01 sec. (0.43 ticks)
Found incumbent of value 504.836841 after 0.03 sec. (0.56 ticks)
Probing fixed 3 vars, tightened 7 bounds.
Probing changed sense of 2 constraints.
Probing time = 0.00 sec. (0.04 ticks)
Cover probing fixed 0 vars, tightened 5 bounds.
Tried aggregator 2 times.
MIP Presolve eliminated 11 rows and 3 columns.
MIP Presolve modified 17 coefficients.
Aggregator did 4 substitutions.
Reduced MIP has 53 rows, 40 columns, and 144 nonzeros.
Reduced MIP has 9 binaries, 0 generals, 0 SOSs, and 0 indicators.
Presolve time = 0.00 sec. (0.13 ticks)
Probing fixed 0 vars, tightened 4 bounds.
Probing changed sense of 3 constraints.
Probing time = 0.00 sec. (0.03 ticks)
Cover probing fixed 0 vars, tightened 8 bounds.
Tried aggregator 2 times.
Detecting symmetries...
MIP Presolve eliminated 1 rows and 0 columns.
MIP Presolve modified 18 coefficients.
Aggregator did 5 substitutions.
Reduced MIP has 47 rows, 35 columns, and 124 nonzeros.
Reduced MIP has 4 binaries, 0 generals, 0 SOSs, and 0 indicators.
Presolve time = 0.00 sec. (0.14 ticks)
Probing fixed 0 vars, tightened 4 bounds.
Probing time = 0.00 sec. (0.01 ticks)
Cover probing fixed 0 vars, tightened 1 bounds.
Clique table members: 1.
Tightened 1 constraints.
MIP emphasis: integer feasibility.
MIP search method: dynamic search.
Parallel mode: deterministic, using up to 12 threads.
Root relaxation solution time = 0.00 sec. (0.06 ticks)

        Nodes                                         Cuts/
   Node  Left     Objective  IInf  Best Integer    Best Bound    ItCnt     Gap

*     0+    0                          504.8368      331.4024            34.35%
      0     0      409.8974     1      504.8368      409.8974       12   18.81%
*     0+    0                          452.7129      409.8974             9.46%
*     0+    0                          409.8974      409.8974             0.00%
      0     0        cutoff            409.8974      409.8974       12    0.00%
Elapsed time = 0.05 sec. (1.31 ticks, tree = 0.01 MB, solutions = 3)

Root node processing (before b&c):
  Real time             =    0.05 sec. (1.31 ticks)
Parallel b&c, 12 threads:
  Real time             =    0.00 sec. (0.00 ticks)
  Sync time (average)   =    0.00 sec.
  Wait time (average)   =    0.00 sec.
                          ------------
Total (root+branch&cut) =    0.05 sec. (1.31 ticks)
